// Jest Snapshot v1, https://goo.gl/fbAQLP

exports[`CartCount testing suite Component matches snapshot 1`] = `
<div>
  <span
    class="CartCount__AnimationStyles-sc-xxvp4g-1 kHAPbE"
  >
    <div>
      <div
        class="CartCount__Dot-sc-xxvp4g-0 gRrnjj count"
      >
        41
      </div>
    </div>
  </span>
</div>
`;
