// Jest Snapshot v1, https://goo.gl/fbAQLP

exports[`Product component  renders and matches the snapshot  1`] = `
<div>
  <div
    class="ItemStyles-sc-16pk14u-0 eAHoek"
  >
    <img
      alt="KITH Hoodie"
      src="https://res.cloudinary.com/wesbos/image/upload/v1579815935/sick-fits-keystone/5e2a13ff689b2835ae71d1a7.jpg"
    />
    <h3
      class="Title-sc-16nq74k-0 bsALs"
    >
      <a
        href="/product/6695cadeb72f324aac2a7f72"
      >
        KITH Hoodie
      </a>
    </h3>
    <span
      class="PriceTag-sc-nwbk6t-0 hxPUFn"
    >
      $235.62
    </span>
    <p>
      Love this hoodie
    </p>
    <div
      class="buttonList"
    >
      <a
        href="/update?id=6695cadeb72f324aac2a7f72"
      >
        Edit ‚úèÔ∏è
      </a>
      <button
        type="button"
      >
        Add
         to Cart üõí
      </button>
      <button
        type="button"
      >
        Delete
      </button>
    </div>
  </div>
</div>
`;
