// Jest Snapshot v1, https://goo.gl/fbAQLP

exports[`RequestReset Testing suite  Component renders and matches a snapshot 1`] = `
<div>
  <form
    class="Form-sc-1xszr8q-0 jnelna"
    method="POST"
  >
    <h2>
      Request A Password Reset
    </h2>
    <fieldset>
      <label
        for="email"
      >
        Email
        <input
          id="email"
          name="email"
          placeholder="Your email address"
          type="text"
          value=""
        />
      </label>
      <button
        type="submit"
      >
        Reset Password
      </button>
    </fieldset>
  </form>
</div>
`;
